<html>
<body>
<pre>
<h1>µVision Build Log</h1>
<h2>Project:</h2>
E:\5TH SEMESTER\MPS LAB\EXP5\experiment5.uvproj
Project File Date:  10/28/2025

<h2>Output:</h2>
Build target 'Target 1'
compiling main.c...
linking...
Program Size: Code=520 RO-data=636 RW-data=0 ZI-data=512  
".\experiment5.axf" - 0 Errors, 0 Warning(s).
Build target 'Target 1'
linking...
Program Size: Code=520 RO-data=636 RW-data=0 ZI-data=512  
".\experiment5.axf" - 0 Errors, 0 Warning(s).
Load "E:\\5TH SEMESTER\\MPS LAB\\EXP5\\experiment5.axf" 
Internal DLL Error
Build target 'Target 1'
linking...
Program Size: Code=520 RO-data=636 RW-data=0 ZI-data=512  
".\experiment5.axf" - 0 Errors, 0 Warning(s).
Build target 'Target 1'
compiling main.c...
linking...
Program Size: Code=520 RO-data=636 RW-data=0 ZI-data=512  
".\experiment5.axf" - 0 Errors, 0 Warning(s).
Load "E:\\5TH SEMESTER\\MPS LAB\\EXP5\\experiment5.axf" 
Connecting: Mode=JTAG, Speed=1000000Hz
Erase Done.
Programming Done.
Verify OK.
Build target 'Target 1'
compiling main.c...
linking...
Program Size: Code=520 RO-data=636 RW-data=0 ZI-data=512  
".\experiment5.axf" - 0 Errors, 0 Warning(s).
Load "E:\\5TH SEMESTER\\MPS LAB\\EXP5\\experiment5.axf" 
Connecting: Mode=JTAG, Speed=1000000Hz
Erase Done.
Programming Done.
Verify OK.
Build target 'Target 1'
compiling main.c...
linking...
Program Size: Code=524 RO-data=636 RW-data=0 ZI-data=512  
".\experiment5.axf" - 0 Errors, 0 Warning(s).
Load "E:\\5TH SEMESTER\\MPS LAB\\EXP5\\experiment5.axf" 
Connecting: Mode=JTAG, Speed=1000000Hz
Erase Done.
Programming Done.
Verify OK.
Build target 'Target 1'
compiling main.c...
linking...
Program Size: Code=520 RO-data=636 RW-data=0 ZI-data=512  
".\experiment5.axf" - 0 Errors, 0 Warning(s).
Load "E:\\5TH SEMESTER\\MPS LAB\\EXP5\\experiment5.axf" 
Connecting: Mode=JTAG, Speed=1000000Hz
Erase Done.
Programming Done.
Verify OK.
