<html>
<body>
<pre>
<h1>µVision Build Log</h1>
<h2>Project:</h2>
E:\5TH SEMESTER\MPS LAB\GREENLED_GPIO\green.uvproj
Project File Date:  10/28/2025

<h2>Output:</h2>
Build target 'Target 1'
assembling startup_TM4C123.s...
compiling greenled.c...
linking...
Program Size: Code=712 RO-data=636 RW-data=0 ZI-data=608  
".\green.axf" - 0 Errors, 0 Warning(s).
Load "E:\\5TH SEMESTER\\MPS LAB\\GREENLED_GPIO\\green.axf" 
Connecting: Mode=JTAG, Speed=1000000Hz
Erase Done.
Programming Done.
Verify OK.
Build target 'Target 1'
assembling startup_TM4C123.s...
compiling greenled.c...
linking...
Program Size: Code=520 RO-data=636 RW-data=0 ZI-data=512  
FromELF: creating hex file...
".\green.axf" - 0 Errors, 0 Warning(s).
Load "E:\\5TH SEMESTER\\MPS LAB\\GREENLED_GPIO\\green.axf" 
Connecting: Mode=JTAG, Speed=1000000Hz
Erase Done.
Programming Done.
Verify OK.
Build target 'Target 1'
linking...
Program Size: Code=520 RO-data=636 RW-data=0 ZI-data=512  
FromELF: creating hex file...
".\green.axf" - 0 Errors, 0 Warning(s).
Load "E:\\5TH SEMESTER\\MPS LAB\\GREENLED_GPIO\\green.axf" 
Connecting: Mode=JTAG, Speed=1000000Hz
Erase Done.
Programming Done.
Verify OK.
Build target 'Target 1'
compiling greenled.c...
linking...
Program Size: Code=488 RO-data=636 RW-data=0 ZI-data=512  
FromELF: creating hex file...
".\green.axf" - 0 Errors, 0 Warning(s).
Build target 'Target 1'
linking...
Program Size: Code=488 RO-data=636 RW-data=0 ZI-data=512  
FromELF: creating hex file...
".\green.axf" - 0 Errors, 0 Warning(s).
Load "E:\\5TH SEMESTER\\MPS LAB\\GREENLED_GPIO\\green.axf" 
Connecting: Mode=JTAG, Speed=1000000Hz
Erase Done.
Programming Done.
Verify OK.
Build target 'Target 1'
linking...
Program Size: Code=488 RO-data=636 RW-data=0 ZI-data=512  
FromELF: creating hex file...
".\green.axf" - 0 Errors, 0 Warning(s).
Load "E:\\5TH SEMESTER\\MPS LAB\\GREENLED_GPIO\\green.axf" 
Connecting: Mode=JTAG, Speed=1000000Hz
Erase Done.
Programming Done.
Verify OK.
Build target 'Target 1'
linking...
Program Size: Code=488 RO-data=636 RW-data=0 ZI-data=512  
FromELF: creating hex file...
".\green.axf" - 0 Errors, 0 Warning(s).
Load "E:\\5TH SEMESTER\\MPS LAB\\GREENLED_GPIO\\green.axf" 
Connecting: Mode=JTAG, Speed=1000000Hz
Erase Done.
Programming Done.
Verify OK.
Build target 'Target 1'
linking...
Program Size: Code=488 RO-data=636 RW-data=0 ZI-data=512  
FromELF: creating hex file...
".\green.axf" - 0 Errors, 0 Warning(s).
Load "E:\\5TH SEMESTER\\MPS LAB\\GREENLED_GPIO\\green.axf" 
Connecting: Mode=SWD, Speed=1000000Hz
Erase Done.
Programming Done.
Verify OK.
Build target 'Target 1'
compiling greenled.c...
linking...
Program Size: Code=488 RO-data=636 RW-data=0 ZI-data=512  
FromELF: creating hex file...
".\green.axf" - 0 Errors, 0 Warning(s).
Load "E:\\5TH SEMESTER\\MPS LAB\\GREENLED_GPIO\\green.axf" 
Connecting: Mode=SWD, Speed=1000000Hz
Connection failed!, error code=&d
Build target 'Target 1'
linking...
Program Size: Code=488 RO-data=636 RW-data=0 ZI-data=512  
FromELF: creating hex file...
".\green.axf" - 0 Errors, 0 Warning(s).
Load "E:\\5TH SEMESTER\\MPS LAB\\GREENLED_GPIO\\green.axf" 
Connecting: Mode=SWD, Speed=1000000Hz
Connection failed!, error code=&d
Load "E:\\5TH SEMESTER\\MPS LAB\\GREENLED_GPIO\\green.axf" 
Connecting: Mode=JTAG, Speed=1000000Hz
Connection failed!, error code=&d
Build target 'Target 1'
linking...
Program Size: Code=488 RO-data=636 RW-data=0 ZI-data=512  
FromELF: creating hex file...
".\green.axf" - 0 Errors, 0 Warning(s).
Load "E:\\5TH SEMESTER\\MPS LAB\\GREENLED_GPIO\\green.axf" 
Connecting: Mode=JTAG, Speed=1000000Hz
Connection failed!, error code=&d
Load "E:\\5TH SEMESTER\\MPS LAB\\GREENLED_GPIO\\green.axf" 
Connecting: Mode=JTAG, Speed=1000000Hz
Erase Done.
Programming Done.
Verify OK.
Build target 'Target 1'
compiling greenled.c...
linking...
Program Size: Code=520 RO-data=636 RW-data=0 ZI-data=512  
FromELF: creating hex file...
".\green.axf" - 0 Errors, 0 Warning(s).
Load "E:\\5TH SEMESTER\\MPS LAB\\GREENLED_GPIO\\green.axf" 
Connecting: Mode=JTAG, Speed=1000000Hz
Erase Done.
Programming Done.
Verify OK.
Build target 'Target 1'
compiling greenled.c...
linking...
Program Size: Code=488 RO-data=636 RW-data=0 ZI-data=512  
FromELF: creating hex file...
".\green.axf" - 0 Errors, 0 Warning(s).
Load "E:\\5TH SEMESTER\\MPS LAB\\GREENLED_GPIO\\green.axf" 
Connecting: Mode=JTAG, Speed=1000000Hz
Erase Done.
Programming Done.
Verify OK.
